2025-05-09 15:16:42,961 - INFO: Starting search index update
2025-05-09 15:16:42,961 - INFO: API key found in ../.env
2025-05-09 15:16:42,961 - INFO: API key loaded: sk-z...fvfL
2025-05-09 15:16:43,193 - INFO: Loaded 6421 summaries from ../data/bigwinboard_with_summaries.csv
2025-05-09 15:16:43,266 - INFO: Loaded 340 embeddings from ../embeddings/game_summary_embeddings.csv
2025-05-09 15:16:43,267 - INFO: Found 0 titles with embeddings in TSNE file
2025-05-09 15:16:43,268 - INFO: Found 3649 titles needing embeddings
2025-05-09 15:16:43,268 - INFO: Generating embeddings for 3649 titles
2025-05-09 15:16:43,269 - WARNING: Skipping 'Viper City Heist' - summary too short or not a string
2025-05-09 15:16:43,269 - WARNING: Skipping 'Viper City Heist' - summary too short or not a string
2025-05-09 15:16:43,269 - WARNING: Skipping 'Viper City Heist' - summary too short or not a string
2025-05-09 15:16:43,269 - WARNING: Skipping 'Hugo 2' - summary too short or not a string
2025-05-09 15:16:43,269 - WARNING: Skipping 'Mighty Masks' - summary too short or not a string
2025-05-09 15:16:43,270 - WARNING: Skipping 'Book of Sam' - summary too short or not a string
2025-05-09 15:16:43,270 - WARNING: Skipping 'Jumbo Safari' - summary too short or not a string
2025-05-09 15:16:43,270 - WARNING: Skipping 'Raven's Eye' - summary too short or not a string
2025-05-09 15:16:43,270 - WARNING: Skipping 'Black Bull' - summary too short or not a string
2025-05-09 15:16:43,270 - WARNING: Skipping 'Leprechaun's Magic' - summary too short or not a string
2025-05-09 15:16:43,270 - WARNING: Skipping 'Release the Kraken Megaways' - summary too short or not a string
2025-05-09 15:16:43,270 - WARNING: Skipping 'Play With the Devil' - summary too short or not a string
2025-05-09 15:16:43,270 - WARNING: Skipping 'Banana Town Dream Drop' - summary too short or not a string
2025-05-09 15:16:43,270 - WARNING: Skipping 'Deal or No Deal Golden Case Megaways' - summary too short or not a string
2025-05-09 15:16:43,270 - WARNING: Skipping '}); [smartslider3 slider=862]Deal or No Deal Golden Case Megaways: Slot OverviewIsn't it interesting how participants in games of chance sometimes come up with systems in an attempt to overcome their random nature or make use of it in order to win? Hopefully. Picking birth dates in lotteries is a classic one' - summary too short or not a string
2025-05-09 15:16:43,270 - WARNING: Skipping 'Oink Farm' - summary too short or not a string
2025-05-09 15:16:43,270 - WARNING: Skipping 'Wanted Dead or a Wild' - summary too short or not a string
2025-05-09 15:16:43,270 - WARNING: Skipping 'Lucky Lightning' - summary too short or not a string
2025-05-09 15:16:43,270 - WARNING: Skipping 'Gem Elevator' - summary too short or not a string
2025-05-09 15:16:43,270 - WARNING: Skipping 'Lost Relics 2' - summary too short or not a string
2025-05-09 15:16:43,270 - WARNING: Skipping 'Temple of Tut' - summary too short or not a string
2025-05-09 15:16:43,270 - WARNING: Skipping 'Beasts of Fire' - summary too short or not a string
2025-05-09 15:16:43,270 - WARNING: Skipping 'Fast Fruits DoubleMax' - summary too short or not a string
2025-05-09 15:16:43,270 - WARNING: Skipping 'Opal Fruits' - summary too short or not a string
2025-05-09 15:16:43,270 - WARNING: Skipping 'Pinatas & Ponies' - summary too short or not a string
2025-05-09 15:16:43,270 - WARNING: Skipping 'Mystic Orbs' - summary too short or not a string
2025-05-09 15:16:43,270 - WARNING: Skipping 'Hustling' - summary too short or not a string
2025-05-09 15:16:43,270 - WARNING: Skipping 'Dragon Born Megaways' - summary too short or not a string
2025-05-09 15:16:43,270 - WARNING: Skipping 'Hong Bao' - summary too short or not a string
2025-05-09 15:16:43,270 - WARNING: Skipping 'Cats & Cash' - summary too short or not a string
2025-05-09 15:16:43,270 - WARNING: Skipping 'Tropical Tiki' - summary too short or not a string
2025-05-09 15:16:43,270 - WARNING: Skipping 'Money Mouse' - summary too short or not a string
2025-05-09 15:16:43,270 - WARNING: Skipping 'Golden Fish Tank Party' - summary too short or not a string
2025-05-09 15:16:43,270 - WARNING: Skipping 'Lucky Twins Link&Win' - summary too short or not a string
2025-05-09 15:16:43,271 - WARNING: Skipping 'Rich Wilde and the Pearls of Vishnu' - summary too short or not a string
2025-05-09 15:16:43,271 - WARNING: Skipping 'Jade Shuriken' - summary too short or not a string
2025-05-09 15:16:43,271 - WARNING: Skipping 'Apes of Wrath' - summary too short or not a string
2025-05-09 15:16:43,271 - WARNING: Skipping 'Valhalla Wild Winter' - summary too short or not a string
2025-05-09 15:16:43,271 - WARNING: Skipping 'Heroes' Gathering' - summary too short or not a string
2025-05-09 15:16:43,271 - WARNING: Skipping 'Divine Fortune Megaways' - summary too short or not a string
2025-05-09 15:16:43,271 - WARNING: Skipping 'Fist of Destruction' - summary too short or not a string
2025-05-09 15:16:43,271 - WARNING: Skipping 'Da Vinci’s Mystery Super Lines' - summary too short or not a string
2025-05-09 15:16:43,271 - WARNING: Skipping 'Motley Crue' - summary too short or not a string
2025-05-09 15:16:43,271 - WARNING: Skipping 'Reel Rush 2' - summary too short or not a string
2025-05-09 15:16:43,271 - WARNING: Skipping 'Valhall Gold' - summary too short or not a string
2025-05-09 15:16:43,271 - WARNING: Skipping 'Egypt Megaways' - summary too short or not a string
2025-05-09 15:16:43,271 - WARNING: Skipping 'Cat Wilde and the Lost Chapter' - summary too short or not a string
2025-05-09 15:16:43,271 - WARNING: Skipping 'Invaders Megaways' - summary too short or not a string
2025-05-09 15:16:43,271 - WARNING: Skipping 'Empty the Bank' - summary too short or not a string
2025-05-09 15:16:43,271 - WARNING: Skipping 'Hot Shots Megaways' - summary too short or not a string
2025-05-09 15:16:43,271 - WARNING: Skipping 'Crystal Quest: Arcane Tower' - summary too short or not a string
2025-05-09 15:16:43,271 - WARNING: Skipping 'Rich Geyser' - summary too short or not a string
2025-05-09 15:16:43,271 - WARNING: Skipping 'Caravan of Riches' - summary too short or not a string
2025-05-09 15:16:43,271 - WARNING: Skipping '}); Caravan of Riches: Slot OverviewWay back in early 2020' - summary too short or not a string
2025-05-09 15:16:43,271 - WARNING: Skipping '3 Dancing Monkeys' - summary too short or not a string
2025-05-09 15:16:43,271 - WARNING: Skipping 'Golden Beauty' - summary too short or not a string
2025-05-09 15:16:43,271 - WARNING: Skipping 'Boat Bonanza Christmas' - summary too short or not a string
2025-05-09 15:16:43,271 - WARNING: Skipping 'Genie Nights' - summary too short or not a string
2025-05-09 15:16:43,271 - WARNING: Skipping 'Brawl at the Redcap Inn' - summary too short or not a string
2025-05-09 15:16:43,271 - WARNING: Skipping 'Dinopolis' - summary too short or not a string
2025-05-09 15:16:43,271 - WARNING: Skipping 'Big Bucks Deluxe' - summary too short or not a string
2025-05-09 15:16:43,271 - WARNING: Skipping 'Yanaha's Rite' - summary too short or not a string
2025-05-09 15:16:43,271 - WARNING: Skipping '}); Yanaha’s Rite: Slot OverviewEditor's note: Yanaha's Rite is a bespoke game conceived by Leovegas Casino that's constructed and hosted on SG Digital's system. Hence it is not an SG Digital product as such.A quick Google search revealed the name 'Yanaha' means either 'brave' or 'she faces the enemy'. In movies' - summary too short or not a string
2025-05-09 15:16:43,272 - WARNING: Skipping 'Børk The Berzerker Hack ‘N’ Slash Edition' - summary too short or not a string
2025-05-09 15:16:43,272 - WARNING: Skipping 'Mega Heist' - summary too short or not a string
2025-05-09 15:16:43,272 - WARNING: Skipping 'Madame Destiny Megaways' - summary too short or not a string
2025-05-09 15:16:43,272 - WARNING: Skipping 'Plunderland' - summary too short or not a string
2025-05-09 15:16:43,272 - WARNING: Skipping 'Hi-Lo' - summary too short or not a string
2025-05-09 15:16:43,272 - WARNING: Skipping 'Merlin Realm of Charm' - summary too short or not a string
2025-05-09 15:16:43,272 - WARNING: Skipping 'Wild Bazaar' - summary too short or not a string
2025-05-09 15:16:43,272 - WARNING: Skipping 'Pirate Multi Coins' - summary too short or not a string
2025-05-09 15:16:43,272 - WARNING: Skipping 'Amazing Money Machine' - summary too short or not a string
2025-05-09 15:16:43,272 - WARNING: Skipping '10 Flaming Bisons' - summary too short or not a string
2025-05-09 15:16:43,272 - WARNING: Skipping 'Money Jar 2' - summary too short or not a string
2025-05-09 15:16:43,272 - WARNING: Skipping 'Arto & The 7 Deadly Spins Megaways' - summary too short or not a string
2025-05-09 15:16:43,272 - WARNING: Skipping 'Amazing Catch' - summary too short or not a string
2025-05-09 15:16:43,272 - WARNING: Skipping '9 Pearls of Fortune' - summary too short or not a string
2025-05-09 15:16:43,272 - WARNING: Skipping 'Gods of Seas Triton's Fortune' - summary too short or not a string
2025-05-09 15:16:43,272 - WARNING: Skipping 'Sparky and Shortz Hidden Joules' - summary too short or not a string
2025-05-09 15:16:43,272 - WARNING: Skipping 'Terminator 2' - summary too short or not a string
2025-05-09 15:16:43,272 - WARNING: Skipping 'How could anyone not love the Terminator franchise? It’s perhaps Arnold Schwarzenegger's most iconic portrayal of a character in his whole career and a definite go-to movie for anyone who's a fan of action and robots. This Microgaming slot offering aims to take you back to all the thrills from the second movie in the series' - summary too short or not a string
2025-05-09 15:16:43,272 - WARNING: Skipping 'Lady Robin Hood' - summary too short or not a string
2025-05-09 15:16:43,272 - WARNING: Skipping 'Valhalla Saga Thunder of Thor' - summary too short or not a string
2025-05-09 15:16:43,272 - WARNING: Skipping '}); Valhalla Saga Thunder of Thor: Slot OverviewIf you play online slots for any length of time' - summary too short or not a string
2025-05-09 15:16:43,272 - WARNING: Skipping 'Gatot kaca's Fury' - summary too short or not a string
2025-05-09 15:16:43,272 - WARNING: Skipping 'Scroll of Seth' - summary too short or not a string
2025-05-09 15:16:43,272 - WARNING: Skipping 'Wish Upon A Jackpot Megaways' - summary too short or not a string
2025-05-09 15:16:43,272 - WARNING: Skipping 'Nitropolis 4' - summary too short or not a string
2025-05-09 15:16:43,273 - WARNING: Skipping 'Electric Avenue' - summary too short or not a string
2025-05-09 15:16:43,273 - WARNING: Skipping 'Piggy Riches Megaways' - summary too short or not a string
2025-05-09 15:16:43,273 - WARNING: Skipping 'Boat Bonanza CrocoNile!' - summary too short or not a string
2025-05-09 15:16:43,273 - WARNING: Skipping 'Millionaire Mystery Box' - summary too short or not a string
2025-05-09 15:16:43,273 - WARNING: Skipping 'Easy Gold' - summary too short or not a string
2025-05-09 15:16:43,273 - WARNING: Skipping 'Piles of Presents' - summary too short or not a string
2025-05-09 15:16:43,273 - WARNING: Skipping 'Immortal 5' - summary too short or not a string
2025-05-09 15:16:43,273 - WARNING: Skipping 'Dragons And Magic' - summary too short or not a string
2025-05-09 15:16:43,273 - WARNING: Skipping 'Shadow Shifter' - summary too short or not a string
2025-05-09 15:16:43,273 - WARNING: Skipping 'Lion Thunder Spin Boost' - summary too short or not a string
2025-05-09 15:16:43,273 - WARNING: Skipping 'Burgers' - summary too short or not a string
2025-05-09 15:16:43,273 - WARNING: Skipping 'Wilderland' - summary too short or not a string
2025-05-09 15:16:43,273 - WARNING: Skipping 'Nightfall' - summary too short or not a string
2025-05-09 15:16:43,273 - WARNING: Skipping 'Immortal Glory' - summary too short or not a string
2025-05-09 15:16:43,273 - WARNING: Skipping '300 Shields Extreme' - summary too short or not a string
2025-05-09 15:16:43,273 - WARNING: Skipping 'Tale of Kyubiko' - summary too short or not a string
2025-05-09 15:16:43,273 - WARNING: Skipping 'Eternal Empress Freeze Time' - summary too short or not a string
2025-05-09 15:16:43,273 - WARNING: Skipping 'Wild Showdown' - summary too short or not a string
2025-05-09 15:16:43,273 - WARNING: Skipping 'King of the Party' - summary too short or not a string
2025-05-09 15:16:43,273 - WARNING: Skipping 'Wild Chapo' - summary too short or not a string
2025-05-09 15:16:43,273 - WARNING: Skipping 'Divine Dynasty Princess' - summary too short or not a string
2025-05-09 15:16:43,273 - WARNING: Skipping 'Money Cart' - summary too short or not a string
2025-05-09 15:16:43,273 - WARNING: Skipping 'Gigantoonz' - summary too short or not a string
2025-05-09 15:16:43,273 - WARNING: Skipping 'Hammerfall' - summary too short or not a string
2025-05-09 15:16:43,273 - WARNING: Skipping 'Agent of Hearts' - summary too short or not a string
2025-05-09 15:16:43,273 - WARNING: Skipping 'Spooky Carnival' - summary too short or not a string
2025-05-09 15:16:43,273 - WARNING: Skipping 'Twin Spin XXXtreme' - summary too short or not a string
2025-05-09 15:16:43,274 - WARNING: Skipping '3 Buzzing Wilds' - summary too short or not a string
2025-05-09 15:16:43,274 - WARNING: Skipping 'Dragon's Breath' - summary too short or not a string
2025-05-09 15:16:43,274 - WARNING: Skipping 'Midnight Romance' - summary too short or not a string
2025-05-09 15:16:43,274 - WARNING: Skipping 'Hit It Big' - summary too short or not a string
2025-05-09 15:16:43,274 - WARNING: Skipping 'Prized Pets Gigablox' - summary too short or not a string
2025-05-09 15:16:43,274 - WARNING: Skipping 'Swords and Sabres Charge Gigablox' - summary too short or not a string
2025-05-09 15:16:43,274 - WARNING: Skipping 'Runner Runner PopWins' - summary too short or not a string
2025-05-09 15:16:43,274 - WARNING: Skipping 'Shield of Sparta' - summary too short or not a string
2025-05-09 15:16:43,274 - WARNING: Skipping 'Might of Ra' - summary too short or not a string
2025-05-09 15:16:43,274 - WARNING: Skipping '7 Clovers of Fortune' - summary too short or not a string
2025-05-09 15:16:43,274 - WARNING: Skipping 'Augustus' - summary too short or not a string
2025-05-09 15:16:43,274 - WARNING: Skipping 'Fear the Dark' - summary too short or not a string
2025-05-09 15:16:43,274 - WARNING: Skipping 'Big Bass Bonanza' - summary too short or not a string
2025-05-09 15:16:43,274 - WARNING: Skipping '7 Gold Gigablox' - summary too short or not a string
2025-05-09 15:16:43,274 - WARNING: Skipping 'Starlight Princess 1000' - summary too short or not a string
2025-05-09 15:16:43,274 - WARNING: Skipping 'Big Gains' - summary too short or not a string
2025-05-09 15:16:43,274 - WARNING: Skipping 'Boo' - summary too short or not a string
2025-05-09 15:16:43,274 - WARNING: Skipping 'Burning Blox Gigablox' - summary too short or not a string
2025-05-09 15:16:43,274 - WARNING: Skipping 'Devilish Fortunes' - summary too short or not a string
2025-05-09 15:16:43,274 - WARNING: Skipping 'Spinman' - summary too short or not a string
2025-05-09 15:16:43,274 - WARNING: Skipping 'Fortune House Power Reels' - summary too short or not a string
2025-05-09 15:16:43,274 - WARNING: Skipping 'Football Glory' - summary too short or not a string
2025-05-09 15:16:43,274 - WARNING: Skipping 'Super StarTurns' - summary too short or not a string
2025-05-09 15:16:43,274 - WARNING: Skipping 'Merlin's Grimoire' - summary too short or not a string
2025-05-09 15:16:43,275 - WARNING: Skipping 'Odin Infinity Reels Megaways' - summary too short or not a string
2025-05-09 15:16:43,275 - WARNING: Skipping 'Fishing Fever Bass King' - summary too short or not a string
2025-05-09 15:16:43,275 - WARNING: Skipping 'Vegas Fortune' - summary too short or not a string
2025-05-09 15:16:43,275 - WARNING: Skipping 'Anderthals' - summary too short or not a string
2025-05-09 15:16:43,275 - WARNING: Skipping 'Survivor Megaways' - summary too short or not a string
2025-05-09 15:16:43,275 - WARNING: Skipping 'Pyramyth' - summary too short or not a string
2025-05-09 15:16:43,275 - WARNING: Skipping 'Spirit of the Beast' - summary too short or not a string
2025-05-09 15:16:43,275 - WARNING: Skipping 'Vikings Unleashed Reloaded' - summary too short or not a string
2025-05-09 15:16:43,275 - WARNING: Skipping 'Ice And Fire' - summary too short or not a string
2025-05-09 15:16:43,275 - WARNING: Skipping 'Temujin Treasures' - summary too short or not a string
2025-05-09 15:16:43,275 - WARNING: Skipping 'Outlaws Inc' - summary too short or not a string
2025-05-09 15:16:43,275 - WARNING: Skipping 'Koi Princess' - summary too short or not a string
2025-05-09 15:16:43,275 - WARNING: Skipping 'Koi Princess is one of those slot games that you will instantly be hooked by. Now' - summary too short or not a string
2025-05-09 15:16:43,275 - WARNING: Skipping 'Tiger Shrine' - summary too short or not a string
2025-05-09 15:16:43,275 - WARNING: Skipping 'Zaida's Fortune' - summary too short or not a string
2025-05-09 15:16:43,275 - WARNING: Skipping 'Football Finals X UP' - summary too short or not a string
2025-05-09 15:16:43,275 - WARNING: Skipping 'Goblins & Gemstones' - summary too short or not a string
2025-05-09 15:16:43,275 - WARNING: Skipping 'More Turkey Megaways' - summary too short or not a string
2025-05-09 15:16:43,275 - WARNING: Skipping 'Hypernova Megaways' - summary too short or not a string
2025-05-09 15:16:43,275 - WARNING: Skipping '}); [smartslider3 slider=629]Hypernova Megaways (ReelPlay): OverviewFormerly known as Chance Interactive' - summary too short or not a string
2025-05-09 15:16:43,275 - WARNING: Skipping 'Power of Thor Megaways' - summary too short or not a string
2025-05-09 15:16:43,275 - WARNING: Skipping 'Danny Dollar' - summary too short or not a string
2025-05-09 15:16:43,275 - WARNING: Skipping 'Running Sushi' - summary too short or not a string
2025-05-09 15:16:43,275 - WARNING: Skipping 'Red Hot Riches' - summary too short or not a string
2025-05-09 15:16:43,275 - WARNING: Skipping 'Gods of Death' - summary too short or not a string
2025-05-09 15:16:43,276 - WARNING: Skipping 'Finn's Golden Tavern' - summary too short or not a string
2025-05-09 15:16:43,276 - WARNING: Skipping 'Cleopatra Megaways' - summary too short or not a string
2025-05-09 15:16:43,276 - WARNING: Skipping 'The Wish Master Megaways' - summary too short or not a string
2025-05-09 15:16:43,276 - WARNING: Skipping 'Find the Diamonds!' - summary too short or not a string
2025-05-09 15:16:43,276 - WARNING: Skipping 'Baron Lord of Saturday' - summary too short or not a string
2025-05-09 15:16:43,276 - WARNING: Skipping 'Jurassic Party' - summary too short or not a string
2025-05-09 15:16:43,276 - WARNING: Skipping 'Pot of Fortune' - summary too short or not a string
2025-05-09 15:16:43,276 - WARNING: Skipping 'Megaways Bushido Princess' - summary too short or not a string
2025-05-09 15:16:43,276 - WARNING: Skipping 'Crazy Chilli' - summary too short or not a string
2025-05-09 15:16:43,276 - WARNING: Skipping 'Runaway 7s' - summary too short or not a string
2025-05-09 15:16:43,276 - WARNING: Skipping 'Candyways Bonanza Megaways' - summary too short or not a string
2025-05-09 15:16:43,276 - WARNING: Skipping 'Imperial Coins' - summary too short or not a string
2025-05-09 15:16:43,276 - WARNING: Skipping '3 Lucky Hippos' - summary too short or not a string
2025-05-09 15:16:43,276 - WARNING: Skipping 'Chi' - summary too short or not a string
2025-05-09 15:16:43,276 - WARNING: Skipping 'Polterheist' - summary too short or not a string
2025-05-09 15:16:43,276 - WARNING: Skipping 'Easter Island' - summary too short or not a string
2025-05-09 15:16:43,276 - WARNING: Skipping 'Sugar Monster' - summary too short or not a string
2025-05-09 15:16:43,276 - WARNING: Skipping 'Sticky Joker' - summary too short or not a string
2025-05-09 15:16:43,276 - WARNING: Skipping 'Rocket Reels' - summary too short or not a string
2025-05-09 15:16:43,276 - WARNING: Skipping 'Volatile Slot' - summary too short or not a string
2025-05-09 15:16:43,276 - WARNING: Skipping 'Shaolin Master' - summary too short or not a string
2025-05-09 15:16:43,276 - WARNING: Skipping 'Lord Venom' - summary too short or not a string
2025-05-09 15:16:43,276 - WARNING: Skipping 'Loco The Monkey' - summary too short or not a string
2025-05-09 15:16:43,276 - WARNING: Skipping 'Lightning Strike Megaways' - summary too short or not a string
2025-05-09 15:16:43,276 - WARNING: Skipping 'Starburst' - summary too short or not a string
2025-05-09 15:16:43,277 - WARNING: Skipping 'Greedy Fortune Pig' - summary too short or not a string
2025-05-09 15:16:43,277 - WARNING: Skipping 'Down the Rails' - summary too short or not a string
2025-05-09 15:16:43,277 - WARNING: Skipping 'Octopus Treasure' - summary too short or not a string
2025-05-09 15:16:43,277 - WARNING: Skipping 'Viking Clash' - summary too short or not a string
2025-05-09 15:16:43,277 - WARNING: Skipping 'Hellvis Wild' - summary too short or not a string
2025-05-09 15:16:43,277 - WARNING: Skipping 'Agent Blitz Mission Moneymaker' - summary too short or not a string
2025-05-09 15:16:43,277 - WARNING: Skipping 'Beast Below' - summary too short or not a string
2025-05-09 15:16:43,277 - WARNING: Skipping 'Oodles of Noodles' - summary too short or not a string
2025-05-09 15:16:43,277 - WARNING: Skipping 'Ankh of Anubis Awakening' - summary too short or not a string
2025-05-09 15:16:43,277 - WARNING: Skipping 'Freeway 7' - summary too short or not a string
2025-05-09 15:16:43,277 - WARNING: Skipping 'RagingPop' - summary too short or not a string
2025-05-09 15:16:43,277 - WARNING: Skipping 'Reindeer Royale' - summary too short or not a string
2025-05-09 15:16:43,277 - WARNING: Skipping 'Banana Drop' - summary too short or not a string
2025-05-09 15:16:43,277 - WARNING: Skipping 'Luck O' The Irish Megaways' - summary too short or not a string
2025-05-09 15:16:43,277 - WARNING: Skipping 'Mystery Museum' - summary too short or not a string
2025-05-09 15:16:43,277 - WARNING: Skipping 'Solar Queen Megaways' - summary too short or not a string
2025-05-09 15:16:43,277 - WARNING: Skipping 'Flaming Tomatoes Cash Shot' - summary too short or not a string
2025-05-09 15:16:43,277 - WARNING: Skipping 'Desperados Wild Megaways' - summary too short or not a string
2025-05-09 15:16:43,277 - WARNING: Skipping 'Possessed' - summary too short or not a string
2025-05-09 15:16:43,277 - WARNING: Skipping 'John Hunter and the Book of Tut Respin' - summary too short or not a string
2025-05-09 15:16:43,277 - WARNING: Skipping 'Dice Dice Dice' - summary too short or not a string
2025-05-09 15:16:43,278 - WARNING: Skipping '24k Dragon' - summary too short or not a string
2025-05-09 15:16:43,278 - WARNING: Skipping 'Thrill to Grill' - summary too short or not a string
2025-05-09 15:16:43,278 - WARNING: Skipping 'Tome of Madness' - summary too short or not a string
2025-05-09 15:16:43,278 - WARNING: Skipping 'Fury of Hyde Megaways' - summary too short or not a string
2025-05-09 15:16:43,278 - WARNING: Skipping 'Jingle Bells Power Reels' - summary too short or not a string
2025-05-09 15:16:43,278 - WARNING: Skipping 'Holy Heist' - summary too short or not a string
2025-05-09 15:16:43,278 - WARNING: Skipping 'Tippy's Golden Pot' - summary too short or not a string
2025-05-09 15:16:43,278 - WARNING: Skipping 'Steam Tower' - summary too short or not a string
2025-05-09 15:16:43,278 - WARNING: Skipping 'Ghost of Dead' - summary too short or not a string
2025-05-09 15:16:43,278 - WARNING: Skipping 'Jurassic Park' - summary too short or not a string
2025-05-09 15:16:43,278 - WARNING: Skipping 'Anyone who was alive and of age in the 90s will surely remember the release of the Jurassic Park movie. It was one of the greatest films to ever grace cinema screens back then and remains as a total classic today. Then again' - summary too short or not a string
2025-05-09 15:16:43,278 - WARNING: Skipping '13' - summary too short or not a string
2025-05-09 15:16:43,278 - WARNING: Skipping 'Moon Princess Christmas Kingdom' - summary too short or not a string
2025-05-09 15:16:43,278 - WARNING: Skipping 'Money Train' - summary too short or not a string
2025-05-09 15:16:43,278 - WARNING: Skipping 'Athena Ascending' - summary too short or not a string
2025-05-09 15:16:43,278 - WARNING: Skipping 'Champions of Rome' - summary too short or not a string
2025-05-09 15:16:43,278 - WARNING: Skipping 'Buddha Megaways' - summary too short or not a string
2025-05-09 15:16:43,278 - WARNING: Skipping 'Bounty Hunter Unchained' - summary too short or not a string
2025-05-09 15:16:43,278 - WARNING: Skipping 'Cash 'N Riches Megaways' - summary too short or not a string
2025-05-09 15:16:43,278 - WARNING: Skipping 'Hot Chilli' - summary too short or not a string
2025-05-09 15:16:43,278 - WARNING: Skipping 'The Legend of Musashi' - summary too short or not a string
2025-05-09 15:16:43,278 - WARNING: Skipping 'Ice Wolf' - summary too short or not a string
2025-05-09 15:16:43,278 - WARNING: Skipping 'Money Train Origins Dream Drop' - summary too short or not a string
2025-05-09 15:16:43,278 - WARNING: Skipping 'Wolf Strike' - summary too short or not a string
2025-05-09 15:16:43,278 - WARNING: Skipping 'Rise of Cleopatra' - summary too short or not a string
2025-05-09 15:16:43,278 - WARNING: Skipping 'Lucky Leprechaun Clusters' - summary too short or not a string
2025-05-09 15:16:43,278 - WARNING: Skipping 'Mask of Amun' - summary too short or not a string
2025-05-09 15:16:43,278 - WARNING: Skipping '}); Mask of Amun: Slot OverviewHey ho' - summary too short or not a string
2025-05-09 15:16:43,278 - WARNING: Skipping 'Yum Yum Powerways' - summary too short or not a string
2025-05-09 15:16:43,278 - WARNING: Skipping 'Pearls of Gold' - summary too short or not a string
2025-05-09 15:16:43,278 - WARNING: Skipping 'Cubes 2' - summary too short or not a string
2025-05-09 15:16:43,279 - WARNING: Skipping 'Danger High Voltage 2' - summary too short or not a string
2025-05-09 15:16:43,279 - WARNING: Skipping 'Jingle Spin' - summary too short or not a string
2025-05-09 15:16:43,279 - WARNING: Skipping 'Drago - Jewels of Fortune' - summary too short or not a string
2025-05-09 15:16:43,279 - WARNING: Skipping 'Lucky Neko Gigablox' - summary too short or not a string
2025-05-09 15:16:43,279 - WARNING: Skipping 'Donuts' - summary too short or not a string
2025-05-09 15:16:43,279 - WARNING: Skipping 'The Wisecracker Lightning' - summary too short or not a string
2025-05-09 15:16:43,279 - WARNING: Skipping 'Ryze' - summary too short or not a string
2025-05-09 15:16:43,279 - WARNING: Skipping 'Madame Mystique Megaways' - summary too short or not a string
2025-05-09 15:16:43,279 - WARNING: Skipping 'Mega Fortune' - summary too short or not a string
2025-05-09 15:16:43,279 - WARNING: Skipping 'Let’s be completely honest here - we’d all like to be able to win a mega fortune' - summary too short or not a string
2025-05-09 15:16:43,279 - WARNING: Skipping 'Marching Legion' - summary too short or not a string
2025-05-09 15:16:43,279 - WARNING: Skipping 'Swag Bag Bonanza' - summary too short or not a string
2025-05-09 15:16:43,279 - WARNING: Skipping 'Big Bass Bonanza Hold & Spinner' - summary too short or not a string
2025-05-09 15:16:43,279 - WARNING: Skipping 'Kong's Temple' - summary too short or not a string
2025-05-09 15:16:43,279 - WARNING: Skipping 'Terracotta Army' - summary too short or not a string
2025-05-09 15:16:43,279 - WARNING: Skipping 'Secret of Dead' - summary too short or not a string
2025-05-09 15:16:43,279 - WARNING: Skipping 'Sea Boat Adventure' - summary too short or not a string
2025-05-09 15:16:43,279 - WARNING: Skipping 'Polar Paws' - summary too short or not a string
2025-05-09 15:16:43,279 - WARNING: Skipping 'Cash Express' - summary too short or not a string
2025-05-09 15:16:43,279 - WARNING: Skipping 'Flame' - summary too short or not a string
2025-05-09 15:16:43,279 - WARNING: Skipping 'Genie Jackpots Even More Wishes' - summary too short or not a string
2025-05-09 15:16:43,279 - WARNING: Skipping 'Crabbin' For Cash Megaways' - summary too short or not a string
2025-05-09 15:16:43,279 - WARNING: Skipping 'The Great Chicken Escape' - summary too short or not a string
2025-05-09 15:16:43,279 - WARNING: Skipping 'Hoard of Poseidon' - summary too short or not a string
2025-05-09 15:16:43,279 - WARNING: Skipping 'Dreadworks' - summary too short or not a string
2025-05-09 15:16:43,279 - WARNING: Skipping 'Dr Toonz' - summary too short or not a string
2025-05-09 15:16:43,279 - WARNING: Skipping 'Buffalo Rising Megaways All Action' - summary too short or not a string
2025-05-09 15:16:43,279 - WARNING: Skipping 'King's Mask' - summary too short or not a string
2025-05-09 15:16:43,279 - WARNING: Skipping 'Eye of Cleopatra' - summary too short or not a string
2025-05-09 15:16:43,279 - WARNING: Skipping 'Adventures Of Doubloon Island' - summary too short or not a string
2025-05-09 15:16:43,280 - WARNING: Skipping 'Super X' - summary too short or not a string
2025-05-09 15:16:43,280 - WARNING: Skipping 'Book of Ultimate Infinity' - summary too short or not a string
2025-05-09 15:16:43,280 - WARNING: Skipping 'Buffalo Rising Megaways' - summary too short or not a string
2025-05-09 15:16:43,280 - WARNING: Skipping 'Arizona Diamonds Quattro' - summary too short or not a string
2025-05-09 15:16:43,280 - WARNING: Skipping 'Dance Party' - summary too short or not a string
2025-05-09 15:16:43,280 - WARNING: Skipping 'Eager Beavers' - summary too short or not a string
2025-05-09 15:16:43,280 - WARNING: Skipping '90k Yeti Gigablox' - summary too short or not a string
2025-05-09 15:16:43,280 - WARNING: Skipping 'The Great Wall' - summary too short or not a string
2025-05-09 15:16:43,280 - WARNING: Skipping 'Secret of the Stones' - summary too short or not a string
2025-05-09 15:16:43,280 - WARNING: Skipping 'There’s mystery and wonder afoot in the Secret of the Stones slot from NetEnt. And when you consider that the developer took the idea of Stonehenge and the druids that supposedly worshiped at the rocks' - summary too short or not a string
2025-05-09 15:16:43,280 - WARNING: Skipping 'Vault of Anubis' - summary too short or not a string
2025-05-09 15:16:43,280 - WARNING: Skipping 'Rise of Atlantis' - summary too short or not a string
2025-05-09 15:16:43,280 - WARNING: Skipping 'Sahara Nights' - summary too short or not a string
2025-05-09 15:16:43,280 - WARNING: Skipping 'Spinnin' Records Into the Beat' - summary too short or not a string
2025-05-09 15:16:43,280 - WARNING: Skipping 'Game of Thrones Power Stacks' - summary too short or not a string
2025-05-09 15:16:43,280 - WARNING: Skipping 'Chilli Picante Megaways' - summary too short or not a string
2025-05-09 15:16:43,280 - WARNING: Skipping 'Thunderstruck Stormchaser' - summary too short or not a string
2025-05-09 15:16:43,280 - WARNING: Skipping 'Legendary Treasures' - summary too short or not a string
2025-05-09 15:16:43,280 - WARNING: Skipping 'Fever Spin Megaways' - summary too short or not a string
2025-05-09 15:16:43,280 - WARNING: Skipping 'Jingle Bells Bonanza' - summary too short or not a string
2025-05-09 15:16:43,280 - WARNING: Skipping 'Prometheus Titan of Fire' - summary too short or not a string
2025-05-09 15:16:43,280 - WARNING: Skipping 'Spartacus Megaways' - summary too short or not a string
2025-05-09 15:16:43,280 - WARNING: Skipping 'Extra Juicy' - summary too short or not a string
2025-05-09 15:16:43,280 - WARNING: Skipping 'Break da Bank Retro Roller' - summary too short or not a string
2025-05-09 15:16:43,280 - WARNING: Skipping 'Creature From The Black Lagoon' - summary too short or not a string
2025-05-09 15:16:43,280 - WARNING: Skipping 'Blobsters Clusterbuster' - summary too short or not a string
2025-05-09 15:16:43,280 - WARNING: Skipping 'The Great Gambini's Night Magic' - summary too short or not a string
2025-05-09 15:16:43,280 - WARNING: Skipping 'Merlin's Revenge Megaways' - summary too short or not a string
2025-05-09 15:16:43,280 - WARNING: Skipping 'Wizard of Aus' - summary too short or not a string
2025-05-09 15:16:43,280 - WARNING: Skipping '88 Fortunes Megaways' - summary too short or not a string
2025-05-09 15:16:43,280 - WARNING: Skipping 'Loki Lord of Mischief' - summary too short or not a string
2025-05-09 15:16:43,281 - WARNING: Skipping '5 Pots o' Riches' - summary too short or not a string
2025-05-09 15:16:43,281 - WARNING: Skipping 'Tomb of Akhenaten' - summary too short or not a string
2025-05-09 15:16:43,281 - WARNING: Skipping 'Soldier of Rome' - summary too short or not a string
2025-05-09 15:16:43,281 - WARNING: Skipping 'Gorilla Go Wilder' - summary too short or not a string
2025-05-09 15:16:43,281 - WARNING: Skipping 'Hell's Kitchen' - summary too short or not a string
2025-05-09 15:16:43,281 - WARNING: Skipping 'Coop Clash' - summary too short or not a string
2025-05-09 15:16:43,281 - WARNING: Skipping 'Super Hot Fruits Megaways' - summary too short or not a string
2025-05-09 15:16:43,281 - WARNING: Skipping 'Lucky Streak Mk2' - summary too short or not a string
2025-05-09 15:16:43,281 - WARNING: Skipping 'Sweet Success Megaways' - summary too short or not a string
2025-05-09 15:16:43,281 - WARNING: Skipping 'Blood Moon Wilds' - summary too short or not a string
2025-05-09 15:16:43,281 - WARNING: Skipping 'Ticket to the Stars' - summary too short or not a string
2025-05-09 15:16:43,281 - WARNING: Skipping 'Ice Lobster' - summary too short or not a string
2025-05-09 15:16:43,281 - WARNING: Skipping 'Pirate Gold Deluxe' - summary too short or not a string
2025-05-09 15:16:43,281 - WARNING: Skipping 'Bonanza Megapays' - summary too short or not a string
2025-05-09 15:16:43,281 - WARNING: Skipping 'Into The Wild Megaways' - summary too short or not a string
2025-05-09 15:16:43,281 - WARNING: Skipping 'Dragon's Loot' - summary too short or not a string
2025-05-09 15:16:43,281 - WARNING: Skipping 'Zombie aPOPalypse MultiPop' - summary too short or not a string
2025-05-09 15:16:43,281 - WARNING: Skipping 'Sky Raiders Power Combo' - summary too short or not a string
2025-05-09 15:16:43,281 - WARNING: Skipping 'Hyper Strike Cash Megaways' - summary too short or not a string
2025-05-09 15:16:43,281 - WARNING: Skipping '}); [smartslider3 slider=629]Hyper Strike Cash Megaways: Slot OverviewWhen we think of Gameburger Studios' - summary too short or not a string
2025-05-09 15:16:43,281 - WARNING: Skipping 'Sparkling Joker X UP' - summary too short or not a string
2025-05-09 15:16:43,281 - WARNING: Skipping 'Remember Gulag' - summary too short or not a string
2025-05-09 15:16:43,281 - WARNING: Skipping 'Mega Moolah Megaways' - summary too short or not a string
2025-05-09 15:16:43,281 - WARNING: Skipping 'Flame Busters' - summary too short or not a string
2025-05-09 15:16:43,281 - WARNING: Skipping 'Def Leppard Hysteria' - summary too short or not a string
2025-05-09 15:16:43,281 - WARNING: Skipping 'Milky Way' - summary too short or not a string
2025-05-09 15:16:43,281 - WARNING: Skipping 'Might of Freya Megaways' - summary too short or not a string
2025-05-09 15:16:43,281 - WARNING: Skipping 'It's Time' - summary too short or not a string
2025-05-09 15:16:43,282 - WARNING: Skipping 'Spartans vs Zombies' - summary too short or not a string
2025-05-09 15:16:43,282 - WARNING: Skipping 'Coins and Cannons' - summary too short or not a string
2025-05-09 15:16:43,282 - WARNING: Skipping '5k Gold Mine Dream Drop' - summary too short or not a string
2025-05-09 15:16:43,282 - WARNING: Skipping 'Legend of Heroes Megaways' - summary too short or not a string
2025-05-09 15:16:43,282 - WARNING: Skipping 'Bon Bomb Luxpots Megaways' - summary too short or not a string
2025-05-09 15:16:43,282 - WARNING: Skipping 'Sweet Rush Megaways' - summary too short or not a string
2025-05-09 15:16:43,282 - WARNING: Skipping '}); Sweet Rush Megaways: Slot OverviewWith a significant number of slots in its back catalogue already' - summary too short or not a string
2025-05-09 15:16:43,282 - WARNING: Skipping 'Tetris Extreme' - summary too short or not a string
2025-05-09 15:16:43,282 - WARNING: Skipping 'Mission Cash' - summary too short or not a string
2025-05-09 15:16:43,282 - WARNING: Skipping 'Reel Lucky King Megaways' - summary too short or not a string
2025-05-09 15:16:43,282 - WARNING: Skipping 'Alchemy' - summary too short or not a string
2025-05-09 15:16:43,282 - WARNING: Skipping 'Rise of Samurai Megaways' - summary too short or not a string
2025-05-09 15:16:43,282 - WARNING: Skipping 'Crystal Sun' - summary too short or not a string
2025-05-09 15:16:43,282 - WARNING: Skipping 'Sands of Eternity' - summary too short or not a string
2025-05-09 15:16:43,282 - WARNING: Skipping '15 Samurai' - summary too short or not a string
2025-05-09 15:16:43,282 - WARNING: Skipping 'Mega Rise' - summary too short or not a string
2025-05-09 15:16:43,282 - WARNING: Skipping 'Legacy Retro Roller' - summary too short or not a string
2025-05-09 15:16:43,282 - WARNING: Skipping 'Pyramid Strike' - summary too short or not a string
2025-05-09 15:16:43,282 - WARNING: Skipping 'Toad’s Bounty' - summary too short or not a string
2025-05-09 15:16:43,282 - WARNING: Skipping 'Ancient Tumble' - summary too short or not a string
2025-05-09 15:16:43,282 - WARNING: Skipping 'Joker Blast Bonanza' - summary too short or not a string
2025-05-09 15:16:43,282 - WARNING: Skipping 'Trickstar Spins' - summary too short or not a string
2025-05-09 15:16:43,282 - WARNING: Skipping 'Elixir of Wealth' - summary too short or not a string
2025-05-09 15:16:43,282 - WARNING: Skipping 'Aztec Twist' - summary too short or not a string
2025-05-09 15:16:43,282 - WARNING: Skipping '5 Clans' - summary too short or not a string
2025-05-09 15:16:43,282 - WARNING: Skipping 'Dinosaur Rage' - summary too short or not a string
2025-05-09 15:16:43,282 - WARNING: Skipping 'Trollpot 5000' - summary too short or not a string
2025-05-09 15:16:43,282 - WARNING: Skipping 'Space Attacks Dream Drop' - summary too short or not a string
2025-05-09 15:16:43,283 - WARNING: Skipping 'Wild Blood 2' - summary too short or not a string
2025-05-09 15:16:43,283 - WARNING: Skipping 'Phat Cats Megaways' - summary too short or not a string
2025-05-09 15:16:43,283 - WARNING: Skipping 'Le Pharaoh' - summary too short or not a string
2025-05-09 15:16:43,283 - WARNING: Skipping 'House of Doom' - summary too short or not a string
2025-05-09 15:16:43,283 - WARNING: Skipping 'Mystery Genie Fortunes of the Lamp' - summary too short or not a string
2025-05-09 15:16:43,283 - WARNING: Skipping 'Midnight Gold' - summary too short or not a string
2025-05-09 15:16:43,283 - WARNING: Skipping 'Fortune of Giza' - summary too short or not a string
2025-05-09 15:16:43,283 - WARNING: Skipping '10x Rewind' - summary too short or not a string
2025-05-09 15:16:43,283 - WARNING: Skipping 'Five Star Power Reels' - summary too short or not a string
2025-05-09 15:16:43,283 - WARNING: Skipping 'Coin Quest 2' - summary too short or not a string
2025-05-09 15:16:43,283 - WARNING: Skipping 'The Dog House Megaways' - summary too short or not a string
2025-05-09 15:16:43,283 - WARNING: Skipping 'Vegas Rush' - summary too short or not a string
2025-05-09 15:16:43,283 - WARNING: Skipping 'Runner Runner Megaways' - summary too short or not a string
2025-05-09 15:16:43,283 - WARNING: Skipping 'Pinup Girls' - summary too short or not a string
2025-05-09 15:16:43,283 - WARNING: Skipping 'Gladiator Legends' - summary too short or not a string
2025-05-09 15:16:43,283 - WARNING: Skipping 'Hot Hot Chilli Pot' - summary too short or not a string
2025-05-09 15:16:43,283 - WARNING: Skipping 'Fish Upon A Cashpot' - summary too short or not a string
2025-05-09 15:16:43,283 - WARNING: Skipping 'Wild Hammer Megaways' - summary too short or not a string
2025-05-09 15:16:43,283 - WARNING: Skipping 'Space Stallion' - summary too short or not a string
2025-05-09 15:16:43,283 - WARNING: Skipping 'Fu Fortunes Megaways' - summary too short or not a string
2025-05-09 15:16:43,283 - WARNING: Skipping 'Western Gold Megaways' - summary too short or not a string
2025-05-09 15:16:43,283 - WARNING: Skipping 'Wild Mining XXXtreme' - summary too short or not a string
2025-05-09 15:16:43,283 - WARNING: Skipping 'Nile Mystery DoubleMax' - summary too short or not a string
2025-05-09 15:16:43,283 - WARNING: Skipping 'Wild Robo Factory' - summary too short or not a string
2025-05-09 15:16:43,283 - WARNING: Skipping 'Buffalo Stack ‘n’ Sync' - summary too short or not a string
2025-05-09 15:16:43,283 - WARNING: Skipping 'Thai Flower Megaways' - summary too short or not a string
2025-05-09 15:16:43,284 - WARNING: Skipping 'Ballin'' - summary too short or not a string
2025-05-09 15:16:43,284 - WARNING: Skipping 'Sugar Rush' - summary too short or not a string
2025-05-09 15:16:43,284 - WARNING: Skipping 'Gaelic Gold' - summary too short or not a string
2025-05-09 15:16:43,284 - WARNING: Skipping 'Attack on Retro' - summary too short or not a string
2025-05-09 15:16:43,284 - WARNING: Skipping 'Viking Hoard' - summary too short or not a string
2025-05-09 15:16:43,284 - WARNING: Skipping 'Elemento' - summary too short or not a string
2025-05-09 15:16:43,284 - WARNING: Skipping 'Raging Waterfall Megaways' - summary too short or not a string
2025-05-09 15:16:43,284 - WARNING: Skipping 'DJ Psycho' - summary too short or not a string
2025-05-09 15:16:43,284 - WARNING: Skipping 'Wishing Wheel' - summary too short or not a string
2025-05-09 15:16:43,284 - WARNING: Skipping 'Wild-O-Tron 3000' - summary too short or not a string
2025-05-09 15:16:43,284 - WARNING: Skipping 'Strike It Gold Win Ways' - summary too short or not a string
2025-05-09 15:16:43,284 - WARNING: Skipping 'Towering Ways Aztec' - summary too short or not a string
2025-05-09 15:16:43,284 - WARNING: Skipping 'Bison Valley' - summary too short or not a string
2025-05-09 15:16:43,284 - WARNING: Skipping 'Medusa: Fortune & Glory' - summary too short or not a string
2025-05-09 15:16:43,284 - WARNING: Skipping '}); [smartslider3 slider=806]Medusa: Fortune & Glory: OverviewBook a charter flight to the ever-popular shores of Ancient Greece in mythical slot Medusa: Fortune & Glory from Dreamtech Gaming. The last time we crossed paths with the Asian centric developer was with the fantasy-filled extravagance Ice and Fire. No not Fire and Ice from George R. R. Martin' - summary too short or not a string
2025-05-09 15:16:43,284 - WARNING: Skipping 'Judgement Day Megaways' - summary too short or not a string
2025-05-09 15:16:43,284 - WARNING: Skipping 'Wild Wild Romance' - summary too short or not a string
2025-05-09 15:16:43,284 - WARNING: Skipping 'Kulta Jaska Megaways' - summary too short or not a string
2025-05-09 15:16:43,284 - WARNING: Skipping 'When you start diving down the Google search rabbit hole' - summary too short or not a string
2025-05-09 15:16:43,284 - WARNING: Skipping 'Fish Party' - summary too short or not a string
2025-05-09 15:16:43,284 - WARNING: Skipping 'Aztec Blaze' - summary too short or not a string
2025-05-09 15:16:43,284 - WARNING: Skipping 'Tiki Runner 2 DoubleMax' - summary too short or not a string
2025-05-09 15:16:43,284 - WARNING: Skipping 'Gremlins' - summary too short or not a string
2025-05-09 15:16:43,284 - WARNING: Skipping 'SixSixSix' - summary too short or not a string
2025-05-09 15:16:43,284 - WARNING: Skipping 'The Wild Hatter' - summary too short or not a string
2025-05-09 15:16:43,284 - WARNING: Skipping 'Bucks And Doe 10K Ways' - summary too short or not a string
2025-05-09 15:16:43,285 - WARNING: Skipping 'Hot Rod Racers' - summary too short or not a string
2025-05-09 15:16:43,285 - WARNING: Skipping 'Rock the Cash Bar' - summary too short or not a string
2025-05-09 15:16:43,285 - WARNING: Skipping 'Sumo Supreme Megaways' - summary too short or not a string
2025-05-09 15:16:43,285 - WARNING: Skipping 'Crystal Queen's Coins' - summary too short or not a string
2025-05-09 15:16:43,285 - WARNING: Skipping 'Tropicool 2' - summary too short or not a string
2025-05-09 15:16:43,285 - WARNING: Skipping 'Book of Gems Megaways' - summary too short or not a string
2025-05-09 15:16:43,285 - WARNING: Skipping 'Wild 1' - summary too short or not a string
2025-05-09 15:16:43,285 - WARNING: Skipping 'Flowers' - summary too short or not a string
2025-05-09 15:16:43,285 - WARNING: Skipping 'Well of Wilds Megaways' - summary too short or not a string
2025-05-09 15:16:43,285 - WARNING: Skipping 'Rick And Morty' - summary too short or not a string
2025-05-09 15:16:43,285 - WARNING: Skipping 'Day of Dead' - summary too short or not a string
2025-05-09 15:16:43,285 - WARNING: Skipping 'Tiki Rewards' - summary too short or not a string
2025-05-09 15:16:43,285 - WARNING: Skipping 'Pirates Pub' - summary too short or not a string
2025-05-09 15:16:43,285 - WARNING: Skipping 'Cash of Command' - summary too short or not a string
2025-05-09 15:16:43,285 - WARNING: Skipping 'Snow Slingers' - summary too short or not a string
2025-05-09 15:16:43,285 - WARNING: Skipping 'Zeus Lightning Megaways' - summary too short or not a string
2025-05-09 15:16:43,285 - WARNING: Skipping 'Siren Song' - summary too short or not a string
2025-05-09 15:16:43,285 - WARNING: Skipping 'Into The Wilds Megaways' - summary too short or not a string
2025-05-09 15:16:43,285 - WARNING: Skipping 'Volcano Goddess' - summary too short or not a string
2025-05-09 15:16:43,285 - WARNING: Skipping 'Diamond Doggies' - summary too short or not a string
2025-05-09 15:16:43,285 - WARNING: Skipping 'La Bomba' - summary too short or not a string
2025-05-09 15:16:43,285 - WARNING: Skipping 'Ding Dong Christmas Bells' - summary too short or not a string
2025-05-09 15:16:43,285 - WARNING: Skipping 'Resurrecting Riches' - summary too short or not a string
2025-05-09 15:16:43,285 - WARNING: Skipping 'Dead Canary' - summary too short or not a string
2025-05-09 15:16:43,285 - WARNING: Skipping 'Inferno Joker' - summary too short or not a string
2025-05-09 15:16:43,286 - WARNING: Skipping 'Treasures of Kilauea' - summary too short or not a string
2025-05-09 15:16:43,286 - WARNING: Skipping 'Peter Hunter' - summary too short or not a string
2025-05-09 15:16:43,286 - WARNING: Skipping 'Lucky Ryan Gigablox' - summary too short or not a string
2025-05-09 15:16:43,286 - WARNING: Skipping 'Stick 'Em' - summary too short or not a string
2025-05-09 15:16:43,286 - WARNING: Skipping 'Starlight Christmas' - summary too short or not a string
2025-05-09 15:16:43,286 - INFO: [441/6421] Generating embedding for 'Bananaz 10K Ways'
2025-05-09 15:16:44,811 - INFO: Successfully generated embedding for 'Bananaz 10K Ways'
2025-05-09 15:16:44,812 - INFO: [442/6421] Generating embedding for 'Aztec Trailz'
2025-05-09 15:16:45,733 - INFO: Successfully generated embedding for 'Aztec Trailz'
2025-05-09 15:16:45,734 - INFO: [443/6421] Generating embedding for 'Queens of Ra POWER COMBO'
2025-05-09 15:16:46,654 - INFO: Successfully generated embedding for 'Queens of Ra POWER COMBO'
2025-05-09 15:16:46,655 - INFO: [444/6421] Generating embedding for 'Gold Collector'
2025-05-09 15:16:47,166 - INFO: Successfully generated embedding for 'Gold Collector'
2025-05-09 15:16:47,167 - INFO: [445/6421] Generating embedding for 'Wild Celebrity Bus Megaways'
2025-05-09 15:16:47,883 - INFO: Successfully generated embedding for 'Wild Celebrity Bus Megaways'
2025-05-09 15:16:47,884 - INFO: [446/6421] Generating embedding for 'Wolf Legend Megaways'
2025-05-09 15:16:48,496 - INFO: Successfully generated embedding for 'Wolf Legend Megaways'
2025-05-09 15:16:48,497 - INFO: [447/6421] Generating embedding for 'Blueprint's Megaways slots may be getting increasingly hard to differentiate'
2025-05-09 15:16:48,832 - INFO: Successfully generated embedding for 'Blueprint's Megaways slots may be getting increasingly hard to differentiate'
2025-05-09 15:16:48,833 - INFO: [448/6421] Generating embedding for 'Jaguar Temple'
2025-05-09 15:16:49,318 - INFO: Successfully generated embedding for 'Jaguar Temple'
2025-05-09 15:16:49,319 - INFO: [449/6421] Generating embedding for 'Jurassic World'
2025-05-09 15:16:49,624 - INFO: Successfully generated embedding for 'Jurassic World'
2025-05-09 15:16:49,625 - INFO: [450/6421] Generating embedding for '5 Rings of Darkness'
2025-05-09 15:16:50,034 - INFO: Successfully generated embedding for '5 Rings of Darkness'
2025-05-09 15:16:50,035 - INFO: [451/6421] Generating embedding for 'Crabbin' Crazy'
2025-05-09 15:16:50,955 - INFO: Successfully generated embedding for 'Crabbin' Crazy'
2025-05-09 15:16:50,956 - INFO: [452/6421] Generating embedding for 'All Star Knockout'
2025-05-09 15:16:51,570 - INFO: Successfully generated embedding for 'All Star Knockout'
2025-05-09 15:16:51,571 - INFO: [453/6421] Generating embedding for 'Cake & Ice Cream'
2025-05-09 15:16:52,082 - INFO: Successfully generated embedding for 'Cake & Ice Cream'
2025-05-09 15:16:52,084 - INFO: [454/6421] Generating embedding for 'What The Fox Megaways'
2025-05-09 15:16:52,457 - INFO: Successfully generated embedding for 'What The Fox Megaways'
2025-05-09 15:16:52,458 - INFO: [455/6421] Generating embedding for 'Nice Catch DoubleMax'
2025-05-09 15:16:52,799 - INFO: Successfully generated embedding for 'Nice Catch DoubleMax'
2025-05-09 15:16:52,800 - INFO: [456/6421] Generating embedding for 'Dragons vs GigaBlox'
2025-05-09 15:16:53,746 - INFO: Successfully generated embedding for 'Dragons vs GigaBlox'
2025-05-09 15:16:53,747 - INFO: [457/6421] Generating embedding for 'Beasty Blox Gigablox'
2025-05-09 15:16:53,959 - INFO: Successfully generated embedding for 'Beasty Blox Gigablox'
2025-05-09 15:16:53,960 - INFO: [458/6421] Generating embedding for 'Legacy of the Gods Megaways'
2025-05-09 15:16:55,828 - INFO: Successfully generated embedding for 'Legacy of the Gods Megaways'
2025-05-09 15:16:55,828 - INFO: [459/6421] Generating embedding for 'Hook ‘Em Up Frenzy'
2025-05-09 15:16:56,384 - INFO: Successfully generated embedding for 'Hook ‘Em Up Frenzy'
2025-05-09 15:16:56,384 - INFO: [460/6421] Generating embedding for 'Pharaoh’s Gaze DoubleMax'
2025-05-09 15:16:57,366 - INFO: Successfully generated embedding for 'Pharaoh’s Gaze DoubleMax'
2025-05-09 15:16:57,367 - INFO: [461/6421] Generating embedding for 'Troll's Gold'
2025-05-09 15:16:58,738 - INFO: Successfully generated embedding for 'Troll's Gold'
2025-05-09 15:16:58,739 - INFO: [462/6421] Generating embedding for 'Unusual Suspects'
2025-05-09 15:16:59,094 - INFO: Successfully generated embedding for 'Unusual Suspects'
2025-05-09 15:16:59,095 - INFO: [463/6421] Generating embedding for 'Merlin's Magic Mirror Megaways'
2025-05-09 15:16:59,865 - INFO: Successfully generated embedding for 'Merlin's Magic Mirror Megaways'
2025-05-09 15:16:59,866 - INFO: [464/6421] Generating embedding for 'Riddle Reels - A Case of Riches'
2025-05-09 15:17:00,274 - INFO: Successfully generated embedding for 'Riddle Reels - A Case of Riches'
2025-05-09 15:17:00,275 - INFO: [465/6421] Generating embedding for 'Pineapple Crush'
2025-05-09 15:17:01,881 - INFO: Successfully generated embedding for 'Pineapple Crush'
2025-05-09 15:17:01,882 - INFO: [466/6421] Generating embedding for 'Beastwood'
2025-05-09 15:17:02,071 - INFO: Successfully generated embedding for 'Beastwood'
2025-05-09 15:17:02,071 - INFO: [467/6421] Generating embedding for 'Dark King Forbidden Riches'
2025-05-09 15:17:02,426 - INFO: Successfully generated embedding for 'Dark King Forbidden Riches'
2025-05-09 15:17:02,427 - INFO: [468/6421] Generating embedding for 'Lucha Legends'
2025-05-09 15:17:02,732 - INFO: Successfully generated embedding for 'Lucha Legends'
2025-05-09 15:17:02,732 - INFO: [469/6421] Generating embedding for 'Volatile Vikings'
2025-05-09 15:17:02,978 - INFO: Successfully generated embedding for 'Volatile Vikings'
2025-05-09 15:17:02,979 - WARNING: Skipping '777 Rainbow Respins' - summary too short or not a string
2025-05-09 15:17:02,979 - INFO: [471/6421] Generating embedding for '}); 777 Rainbow Respins: Slot Overview777 Rainbow Respins from the zany guys at Crazy Tooth Studios'
2025-05-09 15:17:04,471 - INFO: Successfully generated embedding for '}); 777 Rainbow Respins: Slot Overview777 Rainbow Respins from the zany guys at Crazy Tooth Studios'
2025-05-09 15:17:04,472 - INFO: [472/6421] Generating embedding for 'El Paso Gunfight xNudge'
2025-05-09 15:17:04,882 - INFO: Successfully generated embedding for 'El Paso Gunfight xNudge'
2025-05-09 15:17:04,883 - INFO: [473/6421] Generating embedding for 'Shaolin Panda Chaos Reels'
2025-05-09 15:17:05,291 - INFO: Successfully generated embedding for 'Shaolin Panda Chaos Reels'
2025-05-09 15:17:05,292 - INFO: [474/6421] Generating embedding for 'The Respinners'
2025-05-09 15:17:05,803 - INFO: Successfully generated embedding for 'The Respinners'
2025-05-09 15:17:05,804 - INFO: [475/6421] Generating embedding for 'Lucky Fishing Megaways'
2025-05-09 15:17:06,066 - INFO: Successfully generated embedding for 'Lucky Fishing Megaways'
2025-05-09 15:17:06,066 - INFO: [476/6421] Generating embedding for 'Blaze Buddies'
2025-05-09 15:17:06,268 - INFO: Successfully generated embedding for 'Blaze Buddies'
2025-05-09 15:17:06,268 - INFO: [477/6421] Generating embedding for 'Plenty O' Fish'
2025-05-09 15:17:06,542 - INFO: Successfully generated embedding for 'Plenty O' Fish'
2025-05-09 15:17:06,542 - INFO: [478/6421] Generating embedding for 'Ride the Lightning'
2025-05-09 15:17:06,807 - INFO: Successfully generated embedding for 'Ride the Lightning'
2025-05-09 15:17:06,807 - INFO: [479/6421] Generating embedding for 'Coba'
2025-05-09 15:17:07,144 - INFO: Successfully generated embedding for 'Coba'
2025-05-09 15:17:07,144 - INFO: [480/6421] Generating embedding for 'Double Stacks'
2025-05-09 15:17:07,646 - INFO: Successfully generated embedding for 'Double Stacks'
2025-05-09 15:17:07,647 - INFO: [481/6421] Generating embedding for 'Spring Heeled Jack'
2025-05-09 15:17:07,865 - INFO: Successfully generated embedding for 'Spring Heeled Jack'
2025-05-09 15:17:07,866 - INFO: [482/6421] Generating embedding for 'Candy Wild Bonanza'
2025-05-09 15:17:08,362 - INFO: Successfully generated embedding for 'Candy Wild Bonanza'
2025-05-09 15:17:08,362 - INFO: [483/6421] Generating embedding for 'Mega Moolah 4Tune Reels'
2025-05-09 15:17:08,694 - INFO: Successfully generated embedding for 'Mega Moolah 4Tune Reels'
2025-05-09 15:17:08,695 - INFO: [484/6421] Generating embedding for 'The Eternal Widow'
2025-05-09 15:17:09,185 - INFO: Successfully generated embedding for 'The Eternal Widow'
2025-05-09 15:17:09,186 - INFO: [485/6421] Generating embedding for 'Wild Turkey Megaways'
2025-05-09 15:17:10,514 - INFO: Successfully generated embedding for 'Wild Turkey Megaways'
2025-05-09 15:17:10,515 - INFO: [486/6421] Generating embedding for 'Blood & Shadow 2'
2025-05-09 15:17:11,263 - INFO: Successfully generated embedding for 'Blood & Shadow 2'
2025-05-09 15:17:11,264 - INFO: [487/6421] Generating embedding for 'Numero Uno'
2025-05-09 15:17:11,580 - INFO: Successfully generated embedding for 'Numero Uno'
2025-05-09 15:17:11,581 - INFO: [488/6421] Generating embedding for 'Diamond Mine 2 Megaways'
2025-05-09 15:17:11,851 - INFO: Successfully generated embedding for 'Diamond Mine 2 Megaways'
2025-05-09 15:17:11,852 - INFO: [489/6421] Generating embedding for 'Chicken Night Fever'
2025-05-09 15:17:12,088 - INFO: Successfully generated embedding for 'Chicken Night Fever'
2025-05-09 15:17:12,088 - INFO: [490/6421] Generating embedding for 'HarleCoin'
2025-05-09 15:17:12,362 - INFO: Successfully generated embedding for 'HarleCoin'
2025-05-09 15:17:12,363 - INFO: [491/6421] Generating embedding for 'GemPops'
2025-05-09 15:17:12,622 - INFO: Successfully generated embedding for 'GemPops'
2025-05-09 15:17:12,623 - INFO: [492/6421] Generating embedding for 'Rujak Bonanza'
2025-05-09 15:17:12,923 - INFO: Successfully generated embedding for 'Rujak Bonanza'
2025-05-09 15:17:12,924 - INFO: [493/6421] Generating embedding for 'Eggz! POWER COMBO'
2025-05-09 15:17:13,359 - INFO: Successfully generated embedding for 'Eggz! POWER COMBO'
2025-05-09 15:17:13,359 - INFO: [494/6421] Generating embedding for '777 Super Strike'
2025-05-09 15:17:13,687 - INFO: Successfully generated embedding for '777 Super Strike'
2025-05-09 15:17:13,688 - INFO: [495/6421] Generating embedding for 'Pirots 2'
2025-05-09 15:17:14,098 - INFO: Successfully generated embedding for 'Pirots 2'
2025-05-09 15:17:14,099 - INFO: [496/6421] Generating embedding for 'Hop 'N' Pop'
2025-05-09 15:17:14,407 - INFO: Successfully generated embedding for 'Hop 'N' Pop'
2025-05-09 15:17:14,408 - INFO: [497/6421] Generating embedding for 'Big Bass Bonanza Reel Action'
2025-05-09 15:17:14,815 - INFO: Successfully generated embedding for 'Big Bass Bonanza Reel Action'
2025-05-09 15:17:14,816 - INFO: [498/6421] Generating embedding for 'Scourge of Rome'
2025-05-09 15:17:15,016 - INFO: Successfully generated embedding for 'Scourge of Rome'
2025-05-09 15:17:15,016 - INFO: [499/6421] Generating embedding for 'Gold Digger Megaways'
2025-05-09 15:17:15,533 - INFO: Successfully generated embedding for 'Gold Digger Megaways'
2025-05-09 15:17:15,534 - INFO: [500/6421] Generating embedding for 'The Wish Master'
2025-05-09 15:17:15,821 - INFO: Successfully generated embedding for 'The Wish Master'
2025-05-09 15:17:15,821 - INFO: [501/6421] Generating embedding for 'Duck Hunters'
2025-05-09 15:17:16,146 - INFO: Successfully generated embedding for 'Duck Hunters'
2025-05-09 15:17:16,147 - INFO: [502/6421] Generating embedding for 'Madame Ink'
2025-05-09 15:17:16,330 - INFO: Successfully generated embedding for 'Madame Ink'
2025-05-09 15:17:16,330 - INFO: [503/6421] Generating embedding for '3 Tiny Gods'
2025-05-09 15:17:17,581 - INFO: Successfully generated embedding for '3 Tiny Gods'
2025-05-09 15:17:17,582 - INFO: [504/6421] Generating embedding for 'Archie O'Loggins and the Enchanted Masks'
2025-05-09 15:17:17,884 - INFO: Successfully generated embedding for 'Archie O'Loggins and the Enchanted Masks'
2025-05-09 15:17:17,884 - INFO: [505/6421] Generating embedding for 'Storm to Riches'
2025-05-09 15:17:18,148 - INFO: Successfully generated embedding for 'Storm to Riches'
2025-05-09 15:17:18,149 - INFO: [506/6421] Generating embedding for 'Hand of Midas 2'
2025-05-09 15:17:18,501 - INFO: Successfully generated embedding for 'Hand of Midas 2'
2025-05-09 15:17:18,501 - INFO: [507/6421] Generating embedding for 'Cash Defense'
2025-05-09 15:17:18,785 - INFO: Successfully generated embedding for 'Cash Defense'
2025-05-09 15:17:18,785 - INFO: [508/6421] Generating embedding for 'The Grand Show'
2025-05-09 15:17:19,126 - INFO: Successfully generated embedding for 'The Grand Show'
2025-05-09 15:17:19,127 - INFO: [509/6421] Generating embedding for 'Hot to Burn 7 Deadly Free Spins'
2025-05-09 15:17:19,526 - INFO: Successfully generated embedding for 'Hot to Burn 7 Deadly Free Spins'
2025-05-09 15:17:19,527 - INFO: [510/6421] Generating embedding for 'Itero'
2025-05-09 15:17:19,744 - INFO: Successfully generated embedding for 'Itero'
2025-05-09 15:17:19,745 - INFO: [511/6421] Generating embedding for 'Canny the Can and the Book of Time'
2025-05-09 15:17:20,242 - INFO: Successfully generated embedding for 'Canny the Can and the Book of Time'
2025-05-09 15:17:20,242 - INFO: [512/6421] Generating embedding for 'Plunderin' Pirates Hold & Win'
2025-05-09 15:17:21,061 - INFO: Successfully generated embedding for 'Plunderin' Pirates Hold & Win'
2025-05-09 15:17:21,062 - INFO: [513/6421] Generating embedding for 'Rise of Pyramids'
2025-05-09 15:17:21,251 - INFO: Successfully generated embedding for 'Rise of Pyramids'
2025-05-09 15:17:21,251 - INFO: [514/6421] Generating embedding for 'Sword of Arthur'
2025-05-09 15:17:21,574 - INFO: Successfully generated embedding for 'Sword of Arthur'
2025-05-09 15:17:21,575 - INFO: [515/6421] Generating embedding for 'Outlaws Hunter'
2025-05-09 15:17:22,904 - INFO: Successfully generated embedding for 'Outlaws Hunter'
2025-05-09 15:17:22,905 - INFO: [516/6421] Generating embedding for 'Cashpot Kegs Megaways'
2025-05-09 15:17:23,412 - INFO: Successfully generated embedding for 'Cashpot Kegs Megaways'
2025-05-09 15:17:23,412 - INFO: [517/6421] Generating embedding for 'Devil's Trap'
2025-05-09 15:17:23,694 - INFO: Successfully generated embedding for 'Devil's Trap'
2025-05-09 15:17:23,695 - INFO: [518/6421] Generating embedding for 'Cash-O-Matic'
2025-05-09 15:17:23,903 - INFO: Successfully generated embedding for 'Cash-O-Matic'
2025-05-09 15:17:23,903 - INFO: [519/6421] Generating embedding for 'Thunder Shields'
2025-05-09 15:17:24,441 - INFO: Successfully generated embedding for 'Thunder Shields'
2025-05-09 15:17:24,443 - INFO: [520/6421] Generating embedding for 'Wild Beach Party'
2025-05-09 15:17:24,952 - INFO: Successfully generated embedding for 'Wild Beach Party'
2025-05-09 15:17:24,953 - INFO: [521/6421] Generating embedding for 'Fire and Gold Cluster Breaker'
2025-05-09 15:17:25,669 - INFO: Successfully generated embedding for 'Fire and Gold Cluster Breaker'
2025-05-09 15:17:25,669 - INFO: [522/6421] Generating embedding for 'Hot Turkey'
2025-05-09 15:17:25,990 - INFO: Successfully generated embedding for 'Hot Turkey'
2025-05-09 15:17:25,991 - INFO: [523/6421] Generating embedding for 'La Fiesta'
2025-05-09 15:17:26,311 - INFO: Successfully generated embedding for 'La Fiesta'
2025-05-09 15:17:26,311 - INFO: [524/6421] Generating embedding for 'Katmandu X'
2025-05-09 15:17:26,694 - INFO: Successfully generated embedding for 'Katmandu X'
2025-05-09 15:17:26,695 - INFO: [525/6421] Generating embedding for 'Shark Wash'
2025-05-09 15:17:26,993 - INFO: Successfully generated embedding for 'Shark Wash'
2025-05-09 15:17:26,993 - INFO: [526/6421] Generating embedding for 'Golden Glyph 3'
2025-05-09 15:17:27,411 - INFO: Successfully generated embedding for 'Golden Glyph 3'
2025-05-09 15:17:27,412 - INFO: [527/6421] Generating embedding for 'Treasures of the Dead'
2025-05-09 15:17:27,609 - INFO: Successfully generated embedding for 'Treasures of the Dead'
2025-05-09 15:17:27,609 - INFO: [528/6421] Generating embedding for 'The Goonies Return'
2025-05-09 15:17:27,921 - INFO: Successfully generated embedding for 'The Goonies Return'
2025-05-09 15:17:27,922 - INFO: [529/6421] Generating embedding for 'Oxygen 2'
2025-05-09 15:17:28,230 - INFO: Successfully generated embedding for 'Oxygen 2'
2025-05-09 15:17:28,231 - INFO: [530/6421] Generating embedding for 'Bamboo Riches'
2025-05-09 15:17:28,590 - INFO: Successfully generated embedding for 'Bamboo Riches'
2025-05-09 15:17:28,591 - INFO: [531/6421] Generating embedding for 'Battleship Direct Hit Megaways'
2025-05-09 15:17:28,965 - INFO: Successfully generated embedding for 'Battleship Direct Hit Megaways'
2025-05-09 15:17:28,966 - INFO: [532/6421] Generating embedding for 'The simple strategy game of Battleship for two players dates back to the 1930s when it was played with pencil and pad'
2025-05-09 15:17:30,379 - INFO: Successfully generated embedding for 'The simple strategy game of Battleship for two players dates back to the 1930s when it was played with pencil and pad'
2025-05-09 15:17:30,380 - INFO: [533/6421] Generating embedding for 'Queen of Gods'
2025-05-09 15:17:30,716 - INFO: Successfully generated embedding for 'Queen of Gods'
2025-05-09 15:17:30,716 - INFO: [534/6421] Generating embedding for 'Wild Cats Multiline'
2025-05-09 15:17:31,077 - INFO: Successfully generated embedding for 'Wild Cats Multiline'
2025-05-09 15:17:31,078 - INFO: [535/6421] Generating embedding for 'Wild Cats Multiline is a 6-reel slot that can produce up to 49 paylines when fully expanded. The main game is pretty much a bonus hunt with little excitement to offer. Instead'
2025-05-09 15:17:31,411 - INFO: Successfully generated embedding for 'Wild Cats Multiline is a 6-reel slot that can produce up to 49 paylines when fully expanded. The main game is pretty much a bonus hunt with little excitement to offer. Instead'
2025-05-09 15:17:31,412 - INFO: [536/6421] Generating embedding for 'Fruit Storm'
2025-05-09 15:17:31,804 - INFO: Successfully generated embedding for 'Fruit Storm'
2025-05-09 15:17:31,805 - INFO: [537/6421] Generating embedding for 'Gritty Kitty of Nitropolis'
2025-05-09 15:17:32,119 - INFO: Successfully generated embedding for 'Gritty Kitty of Nitropolis'
2025-05-09 15:17:32,119 - INFO: [538/6421] Generating embedding for 'El Dorado Infinity Reels'
2025-05-09 15:17:32,317 - INFO: Successfully generated embedding for 'El Dorado Infinity Reels'
2025-05-09 15:17:32,317 - INFO: [539/6421] Generating embedding for 'Juiced DuoMax'
2025-05-09 15:17:32,837 - INFO: Successfully generated embedding for 'Juiced DuoMax'
2025-05-09 15:17:32,838 - INFO: [540/6421] Generating embedding for 'Tales of Mithrune Syn's Fortune'
2025-05-09 15:17:33,118 - INFO: Successfully generated embedding for 'Tales of Mithrune Syn's Fortune'
2025-05-09 15:17:33,119 - INFO: [541/6421] Generating embedding for 'Otterly Amazing'
2025-05-09 15:17:33,474 - INFO: Successfully generated embedding for 'Otterly Amazing'
2025-05-09 15:17:33,474 - INFO: [542/6421] Generating embedding for 'Pirots X'
2025-05-09 15:17:33,810 - INFO: Successfully generated embedding for 'Pirots X'
2025-05-09 15:17:33,811 - INFO: [543/6421] Generating embedding for 'John Hunter And The Mayan Gods'
2025-05-09 15:17:34,051 - INFO: Successfully generated embedding for 'John Hunter And The Mayan Gods'
2025-05-09 15:17:34,052 - INFO: [544/6421] Generating embedding for 'Midas Golden Touch 3'
2025-05-09 15:17:34,393 - INFO: Successfully generated embedding for 'Midas Golden Touch 3'
2025-05-09 15:17:34,393 - INFO: [545/6421] Generating embedding for 'Most Wanted'
2025-05-09 15:17:34,590 - INFO: Successfully generated embedding for 'Most Wanted'
2025-05-09 15:17:34,590 - INFO: [546/6421] Generating embedding for 'Grim The Splitter Dream Drop'
2025-05-09 15:17:34,852 - INFO: Successfully generated embedding for 'Grim The Splitter Dream Drop'
2025-05-09 15:17:34,853 - INFO: [547/6421] Generating embedding for '4 Fantastic Vikings Go Fishing'
2025-05-09 15:17:35,084 - INFO: Successfully generated embedding for '4 Fantastic Vikings Go Fishing'
2025-05-09 15:17:35,084 - INFO: [548/6421] Generating embedding for 'Links of Ra'
2025-05-09 15:17:35,403 - INFO: Successfully generated embedding for 'Links of Ra'
2025-05-09 15:17:35,404 - INFO: [549/6421] Generating embedding for 'Bison Blocks'
2025-05-09 15:17:35,808 - INFO: Successfully generated embedding for 'Bison Blocks'
2025-05-09 15:17:35,809 - INFO: [550/6421] Generating embedding for '100 Fortunes'
2025-05-09 15:17:36,603 - INFO: Successfully generated embedding for '100 Fortunes'
2025-05-09 15:17:36,604 - INFO: [551/6421] Generating embedding for 'Kangaroo King'
2025-05-09 15:17:36,951 - INFO: Successfully generated embedding for 'Kangaroo King'
2025-05-09 15:17:36,952 - INFO: [552/6421] Generating embedding for 'Book of Adventure'
2025-05-09 15:17:37,251 - INFO: Successfully generated embedding for 'Book of Adventure'
2025-05-09 15:17:37,251 - INFO: [553/6421] Generating embedding for 'Sidewinder DoubleMax'
2025-05-09 15:17:37,536 - INFO: Successfully generated embedding for 'Sidewinder DoubleMax'
2025-05-09 15:17:37,536 - INFO: [554/6421] Generating embedding for 'Mega Money Machine'
2025-05-09 15:17:38,060 - INFO: Successfully generated embedding for 'Mega Money Machine'
2025-05-09 15:17:38,061 - INFO: [555/6421] Generating embedding for 'Big Bass 3 Reeler'
2025-05-09 15:17:38,272 - INFO: Successfully generated embedding for 'Big Bass 3 Reeler'
2025-05-09 15:17:38,273 - INFO: [556/6421] Generating embedding for 'Chocolates'
2025-05-09 15:17:38,533 - INFO: Successfully generated embedding for 'Chocolates'
2025-05-09 15:17:38,534 - INFO: [557/6421] Generating embedding for 'Pearl O Plinko Mermaid Cove'
2025-05-09 15:17:39,082 - INFO: Successfully generated embedding for 'Pearl O Plinko Mermaid Cove'
2025-05-09 15:17:39,082 - INFO: [558/6421] Generating embedding for 'Drill That Gold'
2025-05-09 15:17:39,596 - INFO: Successfully generated embedding for 'Drill That Gold'
2025-05-09 15:17:39,597 - INFO: [559/6421] Generating embedding for 'Bow of Artemis'
2025-05-09 15:17:40,177 - INFO: Successfully generated embedding for 'Bow of Artemis'
2025-05-09 15:17:40,178 - INFO: [560/6421] Generating embedding for 'come into the screen.Teal - awards the Wild Pack. All instances of one random symbol on the grid are transformed into wilds.Purple - awards Big Game Hunter. Random blocks of 2x2 of the same symbol are added to random positions on the grid.Red - awards Colossal Game. A random block of 3x3'
2025-05-09 15:17:40,518 - INFO: Successfully generated embedding for 'come into the screen.Teal - awards the Wild Pack. All instances of one random symbol on the grid are transformed into wilds.Purple - awards Big Game Hunter. Random blocks of 2x2 of the same symbol are added to random positions on the grid.Red - awards Colossal Game. A random block of 3x3'
2025-05-09 15:17:40,519 - INFO: [561/6421] Generating embedding for 'Tiki Treasures Megaways'
2025-05-09 15:17:40,775 - INFO: Successfully generated embedding for 'Tiki Treasures Megaways'
2025-05-09 15:17:40,775 - INFO: [562/6421] Generating embedding for 'World Darts Championship'
2025-05-09 15:17:41,235 - INFO: Successfully generated embedding for 'World Darts Championship'
2025-05-09 15:17:41,236 - INFO: [563/6421] Generating embedding for 'Snake Arena'
2025-05-09 15:17:41,536 - INFO: Successfully generated embedding for 'Snake Arena'
2025-05-09 15:17:41,537 - INFO: [564/6421] Generating embedding for 'The Invisible Man'
2025-05-09 15:17:41,902 - INFO: Successfully generated embedding for 'The Invisible Man'
2025-05-09 15:17:41,903 - INFO: [565/6421] Generating embedding for 'Riders of the Storm'
2025-05-09 15:17:42,192 - INFO: Successfully generated embedding for 'Riders of the Storm'
2025-05-09 15:17:42,193 - INFO: [566/6421] Generating embedding for 'Giants & Sheep'
2025-05-09 15:17:42,413 - INFO: Successfully generated embedding for 'Giants & Sheep'
2025-05-09 15:17:42,414 - INFO: [567/6421] Generating embedding for 'The Falcon Huntress'
2025-05-09 15:17:43,766 - INFO: Successfully generated embedding for 'The Falcon Huntress'
2025-05-09 15:17:43,766 - INFO: [568/6421] Generating embedding for 'Sevens High Ultra'
2025-05-09 15:17:44,346 - INFO: Successfully generated embedding for 'Sevens High Ultra'
2025-05-09 15:17:44,346 - INFO: [569/6421] Generating embedding for 'Big Bass Bonanza Megaways'
2025-05-09 15:17:44,548 - INFO: Successfully generated embedding for 'Big Bass Bonanza Megaways'
2025-05-09 15:17:44,549 - INFO: [570/6421] Generating embedding for 'Hypernova Infinity Reels'
2025-05-09 15:17:44,823 - INFO: Successfully generated embedding for 'Hypernova Infinity Reels'
2025-05-09 15:17:44,823 - INFO: [571/6421] Generating embedding for 'Hex'
2025-05-09 15:17:45,602 - INFO: Successfully generated embedding for 'Hex'
2025-05-09 15:17:45,603 - INFO: [572/6421] Generating embedding for 'Loot & Labyrinths'
2025-05-09 15:17:45,862 - INFO: Successfully generated embedding for 'Loot & Labyrinths'
2025-05-09 15:17:45,862 - INFO: [573/6421] Generating embedding for 'Blazin' Bullfrog'
2025-05-09 15:17:46,250 - INFO: Successfully generated embedding for 'Blazin' Bullfrog'
2025-05-09 15:17:46,251 - INFO: [574/6421] Generating embedding for 'Born Wild'
2025-05-09 15:17:46,505 - INFO: Successfully generated embedding for 'Born Wild'
2025-05-09 15:17:46,505 - INFO: [575/6421] Generating embedding for 'Stepping Diamonds'
2025-05-09 15:17:46,764 - INFO: Successfully generated embedding for 'Stepping Diamonds'
2025-05-09 15:17:46,765 - INFO: [576/6421] Generating embedding for 'Notre-Dame Tales'
2025-05-09 15:17:47,016 - INFO: Successfully generated embedding for 'Notre-Dame Tales'
2025-05-09 15:17:47,017 - INFO: [577/6421] Generating embedding for 'Temple Tumble Megaways'
2025-05-09 15:17:47,346 - INFO: Successfully generated embedding for 'Temple Tumble Megaways'
2025-05-09 15:17:47,347 - INFO: [578/6421] Generating embedding for 'Blazing Wilds Megaways'
2025-05-09 15:17:48,005 - INFO: Successfully generated embedding for 'Blazing Wilds Megaways'
2025-05-09 15:17:48,005 - INFO: [579/6421] Generating embedding for 'Scarab Cash Megaways'
2025-05-09 15:17:48,504 - INFO: Successfully generated embedding for 'Scarab Cash Megaways'
2025-05-09 15:17:48,504 - INFO: [580/6421] Generating embedding for 'Fu 10K Ways'
2025-05-09 15:17:49,010 - INFO: Successfully generated embedding for 'Fu 10K Ways'
2025-05-09 15:17:49,010 - INFO: [581/6421] Generating embedding for 'The Ghost Father'
2025-05-09 15:17:49,425 - INFO: Successfully generated embedding for 'The Ghost Father'
2025-05-09 15:17:49,425 - INFO: [582/6421] Generating embedding for 'Outsourced Payday'
2025-05-09 15:17:49,834 - INFO: Successfully generated embedding for 'Outsourced Payday'
2025-05-09 15:17:49,834 - INFO: [583/6421] Generating embedding for 'Fizzy Pennyslot'
2025-05-09 15:17:50,169 - INFO: Successfully generated embedding for 'Fizzy Pennyslot'
2025-05-09 15:17:50,170 - INFO: [584/6421] Generating embedding for 'Agent Royale'
2025-05-09 15:17:50,860 - INFO: Successfully generated embedding for 'Agent Royale'
2025-05-09 15:17:50,861 - INFO: [585/6421] Generating embedding for 'Dracula'
2025-05-09 15:17:51,271 - INFO: Successfully generated embedding for 'Dracula'
2025-05-09 15:17:51,272 - INFO: [586/6421] Generating embedding for 'Rockabilly Wolves'
2025-05-09 15:17:51,679 - INFO: Successfully generated embedding for 'Rockabilly Wolves'
2025-05-09 15:17:51,680 - INFO: [587/6421] Generating embedding for 'Trolls Bridge 2'
2025-05-09 15:17:51,986 - INFO: Successfully generated embedding for 'Trolls Bridge 2'
2025-05-09 15:17:51,987 - INFO: [588/6421] Generating embedding for 'Merlin's Moneyburst'
2025-05-09 15:17:52,505 - INFO: Successfully generated embedding for 'Merlin's Moneyburst'
2025-05-09 15:17:52,506 - INFO: [589/6421] Generating embedding for 'Oops'
2025-05-09 15:17:52,771 - INFO: Successfully generated embedding for 'Oops'
2025-05-09 15:17:52,771 - INFO: [590/6421] Generating embedding for '2 Gods Zeus vs Thor'
2025-05-09 15:17:53,319 - INFO: Successfully generated embedding for '2 Gods Zeus vs Thor'
2025-05-09 15:17:53,320 - INFO: [591/6421] Generating embedding for 'Sweet Bonanza 1000'
2025-05-09 15:17:53,727 - INFO: Successfully generated embedding for 'Sweet Bonanza 1000'
2025-05-09 15:17:53,728 - INFO: [592/6421] Generating embedding for 'Cat Wilde and the Incan Quest'
2025-05-09 15:17:54,097 - INFO: Successfully generated embedding for 'Cat Wilde and the Incan Quest'
2025-05-09 15:17:54,097 - INFO: [593/6421] Generating embedding for 'Stellar 7s'
2025-05-09 15:17:54,547 - INFO: Successfully generated embedding for 'Stellar 7s'
2025-05-09 15:17:54,548 - INFO: [594/6421] Generating embedding for 'Moonshot'
2025-05-09 15:17:55,091 - INFO: Successfully generated embedding for 'Moonshot'
2025-05-09 15:17:55,091 - INFO: [595/6421] Generating embedding for 'Gator Gold Gigablox Deluxe'
2025-05-09 15:17:55,409 - INFO: Successfully generated embedding for 'Gator Gold Gigablox Deluxe'
2025-05-09 15:17:55,410 - INFO: [596/6421] Generating embedding for 'Cats of Olympuss'
2025-05-09 15:17:55,663 - INFO: Successfully generated embedding for 'Cats of Olympuss'
2025-05-09 15:17:55,663 - INFO: [597/6421] Generating embedding for 'Clover Craze'
2025-05-09 15:17:55,937 - INFO: Successfully generated embedding for 'Clover Craze'
2025-05-09 15:17:55,938 - INFO: [598/6421] Generating embedding for 'Lucky Gold Pot'
2025-05-09 15:17:56,352 - INFO: Successfully generated embedding for 'Lucky Gold Pot'
2025-05-09 15:17:56,353 - INFO: [599/6421] Generating embedding for 'Release the Kraken'
2025-05-09 15:17:56,698 - INFO: Successfully generated embedding for 'Release the Kraken'
2025-05-09 15:17:56,699 - INFO: [600/6421] Generating embedding for 'Power Vault'
2025-05-09 15:17:57,210 - INFO: Successfully generated embedding for 'Power Vault'
2025-05-09 15:17:57,210 - INFO: [601/6421] Generating embedding for 'Olympus Infinity Reels'
2025-05-09 15:17:57,476 - INFO: Successfully generated embedding for 'Olympus Infinity Reels'
2025-05-09 15:17:57,476 - INFO: [602/6421] Generating embedding for 'Golden Fish Tank 2 Gigablox'
2025-05-09 15:17:57,823 - INFO: Successfully generated embedding for 'Golden Fish Tank 2 Gigablox'
2025-05-09 15:17:57,824 - INFO: [603/6421] Generating embedding for 'Los Muertos Locos'
2025-05-09 15:17:58,130 - INFO: Successfully generated embedding for 'Los Muertos Locos'
2025-05-09 15:17:58,131 - INFO: [604/6421] Generating embedding for 'Crystal Prince'
2025-05-09 15:17:58,539 - INFO: Successfully generated embedding for 'Crystal Prince'
2025-05-09 15:17:58,540 - INFO: [605/6421] Generating embedding for 'Shining King Megaways'
2025-05-09 15:17:58,844 - INFO: Successfully generated embedding for 'Shining King Megaways'
2025-05-09 15:17:58,845 - INFO: [606/6421] Generating embedding for 'Tiny Toads'
2025-05-09 15:17:59,154 - INFO: Successfully generated embedding for 'Tiny Toads'
2025-05-09 15:17:59,155 - INFO: [607/6421] Generating embedding for 'Book of Tut Megaways'
2025-05-09 15:17:59,565 - INFO: Successfully generated embedding for 'Book of Tut Megaways'
2025-05-09 15:17:59,565 - INFO: [608/6421] Generating embedding for 'Age Of Seth'
2025-05-09 15:17:59,905 - INFO: Successfully generated embedding for 'Age Of Seth'
2025-05-09 15:17:59,906 - INFO: [609/6421] Generating embedding for 'Santa vs Rudolf'
